================================================================================
智能文本检测与格式批注系统 - 综合测试报告
================================================================================

测试时间: 2026年5月
测试模块: 错别字检测, 语法检测, 语义检测, 参考文献校验

--------------------------------------------------------------------------------
【总体统计】
--------------------------------------------------------------------------------
测试样本总数: 89
准确率: 100.00%
召回率: 76.62%
F1值: 86.76%

--------------------------------------------------------------------------------
【各模块详细结果】
--------------------------------------------------------------------------------

【错别字检测】
  测试样本数: 65
  准确率: 100.00%
  召回率: 78.46%
  F1值: 87.93%
  TP: 51, FP: 0, FN: 14

【语法检测】
  测试样本数: 12
  准确率: 100.00%
  召回率: 66.67%
  F1值: 80.00%
  TP: 4, FP: 0, FN: 2

【语义检测】
  测试样本数: 4
  准确率: 100.00%
  召回率: 100.00%
  F1值: 100.00%
  TP: 2, FP: 0, FN: 0

【参考文献校验】
  测试样本数: 8
  准确率: 100.00%
  召回率: 50.00%
  F1值: 66.67%
  TP: 2, FP: 0, FN: 2

================================================================================
